..............................                                           [100%]
30 passed in 0.05s
